// Jest Snapshot v1, https://goo.gl/fbAQLP

exports[`reads next.config.js and respects rewrites fn generates RouteEntry from next.config.rewrites 1`] = `
Object {
  "afterFiles": Array [
    Object {
      "dest": "http://foo.com/playground",
      "dynamic": true,
      "regex": "^/playground$",
      "src": "/playground",
    },
    Object {
      "dest": "http://foo.com/playground/:path*",
      "dynamic": true,
      "regex": "^/playground(?:/((?:[^/]+?)(?:/(?:[^/]+?))*))?$",
      "src": "/playground/:path*",
    },
  ],
  "beforeFiles": Array [],
}
`;

exports[`reads next.config.js and respects rewrites fn works with async/await 1`] = `
Object {
  "afterFiles": Array [
    Object {
      "dest": "http://foo.com/playground",
      "dynamic": true,
      "regex": "^/playground$",
      "src": "/playground",
    },
    Object {
      "dest": "http://foo.com/playground/:path*",
      "dynamic": true,
      "regex": "^/playground(?:/((?:[^/]+?)(?:/(?:[^/]+?))*))?$",
      "src": "/playground/:path*",
    },
  ],
  "beforeFiles": Array [],
}
`;
